Microchip MPLAB XC8 Compiler V2.36

Linker command line:

-W-3 --edf=C:\Program Files\Microchip\xc8\v2.36\pic\dat\en_msgs.txt -cn \
  -h+dist/default/production\E11_DAC_18F4550.X.production.sym \
  --cmf=dist/default/production\E11_DAC_18F4550.X.production.cmf -z \
  -Q18F4550 -oC:\Users\abelh\AppData\Local\Temp\xcAscbg.4 \
  --defsym=__MPLAB_BUILD=1 \
  -Mdist/default/production/E11_DAC_18F4550.X.production.map \
  --md=C:\Users\abelh\AppData\Local\Temp\xcAscbg.dat -E1 -ver=XC8 Compiler \
  --acfsm=1493 -ACODE=00h-07FFFh -ACONST=00h-07FFFh \
  -ASMALLCONST=0800h-08FFhx120 -AMEDIUMCONST=0800h-07FFFh -ACOMRAM=01h-05Fh \
  -AABS1=00h-07FFh -ABIGRAM=01h-07FFh -ARAM=060h-0FFh,0100h-01FFhx7 \
  -ABANK0=060h-0FFh -ABANK1=0100h-01FFh -ABANK2=0200h-02FFh \
  -ABANK3=0300h-03FFh -ABANK4=0400h-04FFh -ABANK5=0500h-05FFh \
  -ABANK6=0600h-06FFh -ABANK7=0700h-07FFh -ASFR=0F60h-0FFFh \
  -ABIGSFR=0F60h-0FFFh -ACONFIG=0300000h-030000Dh -AIDLOC=0200000h-0200007h \
  -AEEDATA=0F00000h-0F000FFh -peeprom_data=EEDATA \
  -preset_vec=00h,intcode,intcodelo,powerup,init -pramtop=0800h \
  -psmallconst=SMALLCONST -pmediumconst=MEDIUMCONST -pconst=CONST \
  -AFARRAM=00h-00h \
  -prdata=COMRAM,nvrram=COMRAM,nvbit=COMRAM,rbss=COMRAM,rbit=COMRAM \
  -pfarbss=FARRAM,fardata=FARRAM,nvFARRAM=FARRAM \
  -pintsave_regs=BIGRAM,bigbss=BIGRAM,bigdata=BIGRAM -pbss=RAM \
  -pidata=CODE,irdata=CODE,ibigdata=CODE,ifardata=CODE -prparam=COMRAM \
  C:\Users\abelh\AppData\Local\Temp\xcAscbg.o \
  dist/default/production\E11_DAC_18F4550.X.production.o 

Object code version is 3.11

Machine type is 18F4550



                Name                               Link     Load   Length Selector   Space Scale
C:\Users\abelh\AppData\Local\Temp\xcAscbg.o
                idloc                            200000   200000        8        0       5
                config                           300000   300000        E        0       4
                init                                  0        0        4        0       0
dist/default/production\E11_DAC_18F4550.X.production.o
                idloc                            200000   200000        8        0       5
                config                           300000   300000        E        0       4
                smallconst                          800      800       2C      400       0
                text13                              C1A      C1A       20      416       0
                text12                              BA2      BA2       4C      416       0
                text11                              BEE      BEE       2C      416       0
                text10                              CD2      CD2       12      416       0
                text9                               CC0      CC0       12      416       0
                text8                               C74      C74       1C      416       0
                text7                               C3A      C3A       1E      416       0
                text6                               A18      A18       BA      416       0
                text5                               C58      C58       1C      416       0
                text4                               82C      82C      112      416       0
                text3                               93E      93E       DA      416       0
                text2                               B52      B52       50      416       0
                text1                               C90      C90       1A      416       0
                text0                               AD2      AD2       80      416       0
                cstackCOMRAM                         27       27       17        1       1
                bssCOMRAM                             1        1       26        1       1
                cinit                               CAA      CAA       16      416       0

TOTAL           Name                               Link     Load   Length     Space
        CLASS   CODE           
                init                                  0        0        4         0
                text13                              C1A      C1A       20         0
                text12                              BA2      BA2       4C         0
                text11                              BEE      BEE       2C         0
                text10                              CD2      CD2       12         0
                text9                               CC0      CC0       12         0
                text8                               C74      C74       1C         0
                text7                               C3A      C3A       1E         0
                text6                               A18      A18       BA         0
                text5                               C58      C58       1C         0
                text4                               82C      82C      112         0
                text3                               93E      93E       DA         0
                text2                               B52      B52       50         0
                text1                               C90      C90       1A         0
                text0                               AD2      AD2       80         0
                cinit                               CAA      CAA       16         0

        CLASS   CONST          

        CLASS   SMALLCONST     
                smallconst                          800      800       2C         0

        CLASS   MEDIUMCONST    

        CLASS   COMRAM         
                cstackCOMRAM                         27       27       17         1
                bssCOMRAM                             1        1       26         1

        CLASS   ABS1           

        CLASS   BIGRAM         

        CLASS   RAM            

        CLASS   BANK0          

        CLASS   BANK1          

        CLASS   BANK2          

        CLASS   BANK3          

        CLASS   BANK4          

        CLASS   BANK5          

        CLASS   BANK6          

        CLASS   BANK7          

        CLASS   SFR            

        CLASS   BIGSFR         

        CLASS   CONFIG         
                config                           300000   300000        E         4

        CLASS   IDLOC          
                idloc                            200000   200000        8         5

        CLASS   EEDATA         

        CLASS   FARRAM         

        CLASS   HEAP           

        CLASS   STACK          



SEGMENTS        Name                           Load    Length   Top    Selector   Space  Class

                reset_vec                      000000  000004  000004         0       0  CODE    
                bssCOMRAM                      000001  00003D  00003E         1       1  COMRAM  
                smallconst                     000800  00002C  00082C       400       0  SMALLCON
                text4                          00082C  0004B8  000CE4       416       0  CODE    


UNUSED ADDRESS RANGES

        Name                Unused          Largest block    Delta
        BANK0            000060-0000FF               A0
        BANK1            000100-0001FF              100
        BANK2            000200-0002FF              100
        BANK3            000300-0003FF              100
        BANK4            000400-0004FF              100
        BANK5            000500-0005FF              100
        BANK6            000600-0006FF              100
        BANK7            000700-0007FF              100
        BIGRAM           00003E-0007FF              7C2
        BIGSFR           000F60-000FFF               A0
        CODE             000004-0007FF              7FC
                         000CE4-007FFF             731C
        COMRAM           00003E-00005F               22
        CONST            000004-0007FF              7FC
                         000CE4-007FFF             731C
        EEDATA           F00000-F000FF              100
        MEDIUMCONST      000CE4-007FFF             731C
        RAM              000060-0007FF              100
        SFR              000F60-000FFF               A0
        SMALLCONST       000CE4-007FFF              100

                                  Symbol Table

?_ADC_Read                   cstackCOMRAM 000027
ADC_Read@CHx                 cstackCOMRAM 00002B
I2C_ADDRESS_SLAVE@address    cstackCOMRAM 000029
I2C_ADDRESS_SLAVE@data       cstackCOMRAM 00002A
I2C_ADDRESS_SLAVE@modo       cstackCOMRAM 000027
I2C_Write_Data@data          cstackCOMRAM 000027
LCD_I2C_Databus@cmd          cstackCOMRAM 00002C
LCD_I2C_Databus@ctrl         cstackCOMRAM 00002D
LCD_I2C_Databus@data         cstackCOMRAM 00002E
LCD_I2C_WriteText@col        cstackCOMRAM 000031
LCD_I2C_WriteText@row        cstackCOMRAM 000036
LCD_I2C_WriteText@string     cstackCOMRAM 000032
LCD_I2C_nibble@cmd           cstackCOMRAM 00002F
LCD_I2C_nibble@ctrl          cstackCOMRAM 000030
MCP4725_WriteComand@data     cstackCOMRAM 00002B
MCP4725_WriteComand@high     cstackCOMRAM 000030
MCP4725_WriteComand@low      cstackCOMRAM 000031
PCF8574_Write@byte           cstackCOMRAM 00002B
_ADCON0                      (abs)        000FC2
_ADCON0bits                  (abs)        000FC2
_ADCON1bits                  (abs)        000FC1
_ADCON2bits                  (abs)        000FC0
_ADC_Conversion              text13       000C1A
_ADC_Read                    text12       000BA2
_ADRESH                      (abs)        000FC4
_ADRESL                      (abs)        000FC3
_I2C_ADDRESS_SLAVE           text11       000BEE
_I2C_Start                   text10       000CD2
_I2C_Stop                    text9        000CC0
_I2C_Write_Data              text8        000C74
_LCD_I2C_Databus             text6        000A18
_LCD_I2C_Init                text4        00082C
_LCD_I2C_WriteText           text3        00093E
_LCD_I2C_nibble              text5        000C58
_MCP4725_WriteComand         text2        000B52
_Master_Mode                 text1        000C90
_PCF8574_Write               text7        000C3A
_PIR1bits                    (abs)        000F9E
_SSPADD                      (abs)        000FC8
_SSPBUF                      (abs)        000FC9
_SSPCON1bits                 (abs)        000FC6
_SSPCON2                     (abs)        000FC5
_SSPCON2bits                 (abs)        000FC5
_SSPSTATbits                 (abs)        000FC7
_TRISBbits                   (abs)        000F93
_ValorConvertido             bssCOMRAM    000025
__HRAM                       (abs)        000000
__Habs1                      abs1         000000
__Hbank0                     bank0        000000
__Hbank1                     bank1        000000
__Hbank2                     bank2        000000
__Hbank3                     bank3        000000
__Hbank4                     bank4        000000
__Hbank5                     bank5        000000
__Hbank6                     bank6        000000
__Hbank7                     bank7        000000
__Hbigbss                    bigbss       000000
__Hbigdata                   bigdata      000000
__Hbigram                    bigram       000000
__Hbigsfr                    bigsfr       000000
__Hbss                       bss          000000
__HbssCOMRAM                 bssCOMRAM    000000
__Hcinit                     cinit        000000
__Hclrtext                   clrtext      000000
__Hcomram                    comram       000000
__Hconfig                    config       30000E
__Hconst                     const        000000
__HcstackCOMRAM              cstackCOMRAM 000000
__Hdata                      data         000000
__Heeprom_data               eeprom_data  000000
__Hfarbss                    farbss       000000
__Hfardata                   fardata      000000
__Hheap                      heap         000000
__Hibigdata                  ibigdata     000000
__Hidata                     idata        000000
__Hidloc                     idloc        200008
__Hifardata                  ifardata     000000
__Hinit                      init         000004
__Hintcode                   intcode      000000
__Hintcode_body              intcode_body 000000
__Hintcodelo                 intcodelo    000000
__Hintentry                  intentry     000000
__Hintret                    intret       000000
__Hintsave_regs              intsave_regs 000000
__Hirdata                    irdata       000000
__Hmediumconst               mediumconst  000000
__HnvFARRAM                  nvFARRAM     000000
__Hnvbit                     nvbit        000000
__Hnvrram                    nvrram       000000
__Hparam                     rparam       000000
__Hpowerup                   powerup      000000
__Hram                       ram          000000
__Hramtop                    ramtop       000800
__Hrbit                      rbit         000000
__Hrbss                      rbss         000000
__Hrdata                     rdata        000000
__Hreset_vec                 reset_vec    000000
__Hrparam                    rparam       000000
__Hsfr                       sfr          000000
__Hsmallconst                smallconst   00082C
__Hspace_0                   (abs)        000CE4
__Hspace_1                   (abs)        00003E
__Hspace_2                   (abs)        000000
__Hspace_4                   (abs)        60000E
__Hstack                     stack        000000
__Hstruct                    struct       000000
__Htemp                      temp         000000
__Htext                      text         000000
__Htext0                     text0        000000
__Htext1                     text1        000000
__Htext10                    text10       000000
__Htext11                    text11       000000
__Htext12                    text12       000000
__Htext13                    text13       000000
__Htext2                     text2        000000
__Htext3                     text3        000000
__Htext4                     text4        000000
__Htext5                     text5        000000
__Htext6                     text6        000000
__Htext7                     text7        000000
__Htext8                     text8        000000
__Htext9                     text9        000000
__LRAM                       (abs)        000001
__Labs1                      abs1         000000
__Lbank0                     bank0        000000
__Lbank1                     bank1        000000
__Lbank2                     bank2        000000
__Lbank3                     bank3        000000
__Lbank4                     bank4        000000
__Lbank5                     bank5        000000
__Lbank6                     bank6        000000
__Lbank7                     bank7        000000
__Lbigbss                    bigbss       000000
__Lbigdata                   bigdata      000000
__Lbigram                    bigram       000000
__Lbigsfr                    bigsfr       000000
__Lbss                       bss          000000
__LbssCOMRAM                 bssCOMRAM    000000
__Lcinit                     cinit        000000
__Lclrtext                   clrtext      000000
__Lcomram                    comram       000000
__Lconfig                    config       000000
__Lconst                     const        000000
__LcstackCOMRAM              cstackCOMRAM 000000
__Ldata                      data         000000
__Leeprom_data               eeprom_data  000000
__Lfarbss                    farbss       000000
__Lfardata                   fardata      000000
__Lheap                      heap         000000
__Libigdata                  ibigdata     000000
__Lidata                     idata        000000
__Lidloc                     idloc        000000
__Lifardata                  ifardata     000000
__Linit                      init         000000
__Lintcode                   intcode      000000
__Lintcode_body              intcode_body 000000
__Lintcodelo                 intcodelo    000000
__Lintentry                  intentry     000000
__Lintret                    intret       000000
__Lintsave_regs              intsave_regs 000000
__Lirdata                    irdata       000000
__Lmediumconst               mediumconst  000000
__LnvFARRAM                  nvFARRAM     000000
__Lnvbit                     nvbit        000000
__Lnvrram                    nvrram       000000
__Lparam                     rparam       000000
__Lpowerup                   powerup      000000
__Lram                       ram          000000
__Lramtop                    ramtop       000800
__Lrbit                      rbit         000000
__Lrbss                      rbss         000000
__Lrdata                     rdata        000000
__Lreset_vec                 reset_vec    000000
__Lrparam                    rparam       000000
__Lsfr                       sfr          000000
__Lsmallconst                smallconst   000800
__Lspace_0                   (abs)        000000
__Lspace_1                   (abs)        000000
__Lspace_2                   (abs)        000000
__Lspace_4                   (abs)        000000
__Lstack                     stack        000000
__Lstruct                    struct       000000
__Ltemp                      temp         000000
__Ltext                      text         000000
__Ltext0                     text0        000000
__Ltext1                     text1        000000
__Ltext10                    text10       000000
__Ltext11                    text11       000000
__Ltext12                    text12       000000
__Ltext13                    text13       000000
__Ltext2                     text2        000000
__Ltext3                     text3        000000
__Ltext4                     text4        000000
__Ltext5                     text5        000000
__Ltext6                     text6        000000
__Ltext7                     text7        000000
__Ltext8                     text8        000000
__Ltext9                     text9        000000
__S0                         (abs)        000CE4
__S1                         (abs)        00003E
__S4                         (abs)        000000
__S5                         (abs)        000000
___heap_hi                   (abs)        000000
___heap_lo                   (abs)        000000
___inthi_sp                  stack        000000
___intlo_sp                  stack        000000
___param_bank                (abs)        000000
___rparam_used               (abs)        000001
___sp                        stack        000000
__accesstop                  (abs)        000060
__activetblptr               (abs)        000002
__end_of_ADC_Conversion      text13       000C3A
__end_of_ADC_Read            text12       000BEE
__end_of_I2C_ADDRESS_SLAVE   text11       000C1A
__end_of_I2C_Start           text10       000CE4
__end_of_I2C_Stop            text9        000CD2
__end_of_I2C_Write_Data      text8        000C90
__end_of_LCD_I2C_Databus     text6        000AD2
__end_of_LCD_I2C_Init        text4        00093E
__end_of_LCD_I2C_WriteText   text3        000A18
__end_of_LCD_I2C_nibble      text5        000C74
__end_of_MCP4725_WriteComand text2        000BA2
__end_of_Master_Mode         text1        000CAA
__end_of_PCF8574_Write       text7        000C58
__end_of__initialization     cinit        000CB6
__end_of_main                text0        000B52
__initialization             cinit        000CAA
__mediumconst                mediumconst  000000
__pbssCOMRAM                 bssCOMRAM    000001
__pcinit                     cinit        000CAA
__pcstackCOMRAM              cstackCOMRAM 000027
__psmallconst                smallconst   000800
__ptext0                     text0        000AD2
__ptext1                     text1        000C90
__ptext10                    text10       000CD2
__ptext11                    text11       000BEE
__ptext12                    text12       000BA2
__ptext13                    text13       000C1A
__ptext2                     text2        000B52
__ptext3                     text3        00093E
__ptext4                     text4        00082C
__ptext5                     text5        000C58
__ptext6                     text6        000A18
__ptext7                     text7        000C3A
__ptext8                     text8        000C74
__ptext9                     text9        000CC0
__ramtop                     ramtop       000800
__smallconst                 smallconst   000800
_bufferDac                   bssCOMRAM    000001
_bufferVolt                  bssCOMRAM    000011
_main                        text0        000AD2
_voltaje                     bssCOMRAM    000021
end_of_initialization        cinit        000CB6
intlevel0                    text         000000
intlevel1                    text         000000
intlevel2                    text         000000
intlevel3                    text         000000
isa$std                      (abs)        000001
isa$xinst                    (abs)        000000
stackhi                      (abs)        000000
stacklo                      (abs)        000000
start                        init         000000
start_initialization         cinit        000CAA


MODULE INFORMATION

Module		Function		Class		Link	Load	Size
DAC.c
		_MCP4725_WriteComand		CODE           	0B52	0000	80

DAC.c estimated size: 80

I2C.c
		_I2C_Stop      		CODE           	0CC0	0000	18
		_I2C_Write_Data		CODE           	0C74	0000	28
		_Master_Mode   		CODE           	0C90	0000	26
		_I2C_Start     		CODE           	0CD2	0000	18
		_I2C_ADDRESS_SLAVE		CODE           	0BEE	0000	44

I2C.c estimated size: 134

shared
		__initialization		CODE           	0CAA	0000	12

shared estimated size: 12

ADC.c
		_ADC_Read      		CODE           	0BA2	0000	76
		_ADC_Conversion		CODE           	0C1A	0000	32

ADC.c estimated size: 108

Main_DAC.c
		_main          		CODE           	0AD2	0000	128

Main_DAC.c estimated size: 128

LCD_I2C.c
		_PCF8574_Write 		CODE           	0C3A	0000	30
		_LCD_I2C_Init  		CODE           	082C	0000	274
		_LCD_I2C_nibble		CODE           	0C58	0000	28
		_LCD_I2C_WriteText		CODE           	093E	0000	218
		_LCD_I2C_Databus		CODE           	0A18	0000	186

LCD_I2C.c estimated size: 736

