Microchip MPLAB XC8 Compiler V2.36

Linker command line:

-W-3 --edf=C:\Program Files\Microchip\xc8\v2.36\pic\dat\en_msgs.txt -cn \
  -h+dist/default/production\E12_EUSART_18F45K50.X.production.sym \
  --cmf=dist/default/production\E12_EUSART_18F45K50.X.production.cmf -z \
  -Q18F45K50 -oC:\Users\abelh\AppData\Local\Temp\xcAs9o0.4 \
  --defsym=__MPLAB_BUILD=1 \
  -Mdist/default/production/E12_EUSART_18F45K50.X.production.map \
  --md=C:\Users\abelh\AppData\Local\Temp\xcAs9o0.dat -E1 -ver=XC8 Compiler \
  --acfsm=1493 -ACODE=00h-07FFFh -ACONST=00h-07FFFh \
  -ASMALLCONST=0800h-08FFhx120 -AMEDIUMCONST=0800h-07FFFh -ACOMRAM=01h-05Fh \
  -AABS1=00h-07FFh -ABIGRAM=01h-07FFh -ARAM=060h-0FFh,0100h-01FFhx7 \
  -ABANK0=060h-0FFh -ABANK1=0100h-01FFh -ABANK2=0200h-02FFh \
  -ABANK3=0300h-03FFh -ABANK4=0400h-04FFh -ABANK5=0500h-05FFh \
  -ABANK6=0600h-06FFh -ABANK7=0700h-07FFh -ASFR=0F53h-0F5Fh,0F60h-0FFFh \
  -ABIGSFR=0F53h-0FFFh -ACONFIG=0300000h-030000Dh -AIDLOC=0200000h-0200007h \
  -AEEDATA=0F00000h-0F000FFh -peeprom_data=EEDATA \
  -preset_vec=00h,intcode=08h,intcodelo,powerup,init -pramtop=0800h \
  -psmallconst=SMALLCONST -pmediumconst=MEDIUMCONST -pconst=CONST \
  -AFARRAM=00h-00h \
  -prdata=COMRAM,nvrram=COMRAM,nvbit=COMRAM,rbss=COMRAM,rbit=COMRAM \
  -pfarbss=FARRAM,fardata=FARRAM,nvFARRAM=FARRAM \
  -pintsave_regs=BIGRAM,bigbss=BIGRAM,bigdata=BIGRAM -pbss=RAM \
  -pidata=CODE,irdata=CODE,ibigdata=CODE,ifardata=CODE -prparam=COMRAM \
  C:\Users\abelh\AppData\Local\Temp\xcAs9o0.o \
  dist/default/production\E12_EUSART_18F45K50.X.production.o 

Object code version is 3.11

Machine type is 18F45K50



                Name                               Link     Load   Length Selector   Space Scale
C:\Users\abelh\AppData\Local\Temp\xcAs9o0.o
                idloc                            200000   200000        8        0       5
                config                           300000   300000        E        0       4
                init                                 4E       4E        4        4       0
                reset_vec                             0        0        4        0       0
dist/default/production\E12_EUSART_18F45K50.X.production.o
                intcode                               8        8       46        4       0
                idloc                            200000   200000        8        0       5
                config                           300000   300000        E        0       4
                temp                                 1D       1D        1        1       1
                smallconst                          800      800        8      400       0
                text8                               976      976       16      404       0
                text7                               94A      94A       2C      404       0
                text5                               808      808       A4      404       0
                text4                               8AC      8AC       70      404       0
                text3                               9B0      9B0        4      404       0
                text2                               9A8      9A8        8      404       0
                text1                               99E      99E        A      404       0
                text0                               91C      91C       2E      404       0
                cstackCOMRAM                          1        1       1C        1       1
                cinit                               98C      98C       12      404       0

TOTAL           Name                               Link     Load   Length     Space
        CLASS   CODE           
                intcode                               8        8       46         0
                init                                 4E       4E        4         0
                reset_vec                             0        0        4         0
                text8                               976      976       16         0
                text7                               94A      94A       2C         0
                text5                               808      808       A4         0
                text4                               8AC      8AC       70         0
                text3                               9B0      9B0        4         0
                text2                               9A8      9A8        8         0
                text1                               99E      99E        A         0
                text0                               91C      91C       2E         0
                cinit                               98C      98C       12         0

        CLASS   CONST          

        CLASS   SMALLCONST     
                smallconst                          800      800        8         0

        CLASS   MEDIUMCONST    

        CLASS   COMRAM         
                temp                                 1D       1D        1         1
                cstackCOMRAM                          1        1       1C         1

        CLASS   ABS1           

        CLASS   BIGRAM         

        CLASS   RAM            

        CLASS   BANK0          

        CLASS   BANK1          

        CLASS   BANK2          

        CLASS   BANK3          

        CLASS   BANK4          

        CLASS   BANK5          

        CLASS   BANK6          

        CLASS   BANK7          

        CLASS   SFR            

        CLASS   BIGSFR         

        CLASS   CONFIG         
                config                           300000   300000        E         4

        CLASS   IDLOC          
                idloc                            200000   200000        8         5

        CLASS   EEDATA         

        CLASS   FARRAM         

        CLASS   HEAP           

        CLASS   STACK          



SEGMENTS        Name                           Load    Length   Top    Selector   Space  Class

                reset_vec                      000000  000004  000004         0       0  CODE    
                cstackCOMRAM                   000001  00001D  00001E         1       1  COMRAM  
                intcode                        000008  00004A  000052         4       0  CODE    
                smallconst                     000800  000008  000808       400       0  SMALLCON
                text5                          000808  0001AC  0009B4       404       0  CODE    


UNUSED ADDRESS RANGES

        Name                Unused          Largest block    Delta
        BANK0            000060-0000FF               A0
        BANK1            000100-0001FF              100
        BANK2            000200-0002FF              100
        BANK3            000300-0003FF              100
        BANK4            000400-0004FF              100
        BANK5            000500-0005FF              100
        BANK6            000600-0006FF              100
        BANK7            000700-0007FF              100
        BIGRAM           00001E-0007FF              7E2
        BIGSFR           000F53-000FFF               AD
        CODE             000004-000007                4
                         000052-0007FF              7AE
                         0009B4-007FFF             764C
        COMRAM           00001E-00005F               42
        CONST            000004-000007                4
                         000052-0007FF              7AE
                         0009B4-007FFF             764C
        EEDATA           F00000-F000FF              100
        MEDIUMCONST      0009B4-007FFF             764C
        RAM              000060-0007FF              100
        SFR              000F53-000FFF                D
        SMALLCONST       0009B4-007FFF              100

                                  Symbol Table

?___lldiv                    cstackCOMRAM 000009
Init_UART@HIGH_baud          cstackCOMRAM 00001A
Init_UART@LOW_baud           cstackCOMRAM 000019
Init_UART@X                  cstackCOMRAM 00001B
Init_UART@baudios            cstackCOMRAM 000016
Init_UART@speed              cstackCOMRAM 000018
Uart_cadena_Write@cadena     cstackCOMRAM 000002
Uart_cadena_Write@size       cstackCOMRAM 000004
Uart_caracter_Write@caracter cstackCOMRAM 000001
_ANSELDbits                  (abs)        000F5E
_BAUDCON1bits                (abs)        000FB8
_EUSART_ISR                  intcode      000008
_INTCONbits                  (abs)        000FF2
_Init_UART                   text4        0008AC
_Interrupt_UART              text3        0009B0
_Interrupt_global            text2        0009A8
_OSC_16Mhz_Init              text1        00099E
_PIE1bits                    (abs)        000F9D
_PIR1bits                    (abs)        000F9E
_RCONbits                    (abs)        000FD0
_RCSTA1bits                  (abs)        000FAB
_SPBRG1                      (abs)        000FAF
_SPBRGH1                     (abs)        000FB0
_TRISDbits                   (abs)        000F95
_TXREG1                      (abs)        000FAD
_TXSTA1bits                  (abs)        000FAC
_Uart_cadena_Write           text7        00094A
_Uart_caracter_Write         text8        000976
__HRAM                       (abs)        000000
__Habs1                      abs1         000000
__Hbank0                     bank0        000000
__Hbank1                     bank1        000000
__Hbank2                     bank2        000000
__Hbank3                     bank3        000000
__Hbank4                     bank4        000000
__Hbank5                     bank5        000000
__Hbank6                     bank6        000000
__Hbank7                     bank7        000000
__Hbigbss                    bigbss       000000
__Hbigdata                   bigdata      000000
__Hbigram                    bigram       000000
__Hbigsfr                    bigsfr       000000
__Hbss                       bss          000000
__Hcinit                     cinit        000000
__Hclrtext                   clrtext      000000
__Hcomram                    comram       000000
__Hconfig                    config       30000E
__Hconst                     const        000000
__HcstackCOMRAM              cstackCOMRAM 000000
__Hdata                      data         000000
__Heeprom_data               eeprom_data  000000
__Hfarbss                    farbss       000000
__Hfardata                   fardata      000000
__Hheap                      heap         000000
__Hibigdata                  ibigdata     000000
__Hidata                     idata        000000
__Hidloc                     idloc        200008
__Hifardata                  ifardata     000000
__Hinit                      init         000052
__Hintcode                   intcode      00004E
__Hintcode_body              intcode_body 000000
__Hintcodelo                 intcodelo    00004E
__Hintentry                  intentry     000000
__Hintret                    intret       000000
__Hintsave_regs              intsave_regs 000000
__Hirdata                    irdata       000000
__Hmediumconst               mediumconst  000000
__HnvFARRAM                  nvFARRAM     000000
__Hnvbit                     nvbit        000000
__Hnvrram                    nvrram       000000
__Hparam                     rparam       000000
__Hpowerup                   powerup      00004E
__Hram                       ram          000000
__Hramtop                    ramtop       000800
__Hrbit                      rbit         000000
__Hrbss                      rbss         000000
__Hrdata                     rdata        000000
__Hreset_vec                 reset_vec    000004
__Hrparam                    rparam       000000
__Hsfr                       sfr          000000
__Hsmallconst                smallconst   000808
__Hspace_0                   (abs)        0009B4
__Hspace_1                   (abs)        00001E
__Hspace_2                   (abs)        000000
__Hspace_4                   (abs)        60000E
__Hstack                     stack        000000
__Hstruct                    struct       000000
__Htemp                      temp         00001E
__Htext                      text         000000
__Htext0                     text0        000000
__Htext1                     text1        000000
__Htext2                     text2        000000
__Htext3                     text3        000000
__Htext4                     text4        000000
__Htext5                     text5        000000
__Htext7                     text7        000000
__Htext8                     text8        000000
__LRAM                       (abs)        000001
__Labs1                      abs1         000000
__Lbank0                     bank0        000000
__Lbank1                     bank1        000000
__Lbank2                     bank2        000000
__Lbank3                     bank3        000000
__Lbank4                     bank4        000000
__Lbank5                     bank5        000000
__Lbank6                     bank6        000000
__Lbank7                     bank7        000000
__Lbigbss                    bigbss       000000
__Lbigdata                   bigdata      000000
__Lbigram                    bigram       000000
__Lbigsfr                    bigsfr       000000
__Lbss                       bss          000000
__Lcinit                     cinit        000000
__Lclrtext                   clrtext      000000
__Lcomram                    comram       000000
__Lconfig                    config       000000
__Lconst                     const        000000
__LcstackCOMRAM              cstackCOMRAM 000000
__Ldata                      data         000000
__Leeprom_data               eeprom_data  000000
__Lfarbss                    farbss       000000
__Lfardata                   fardata      000000
__Lheap                      heap         000000
__Libigdata                  ibigdata     000000
__Lidata                     idata        000000
__Lidloc                     idloc        000000
__Lifardata                  ifardata     000000
__Linit                      init         00004E
__Lintcode                   intcode      000008
__Lintcode_body              intcode_body 000000
__Lintcodelo                 intcodelo    00004E
__Lintentry                  intentry     000000
__Lintret                    intret       000000
__Lintsave_regs              intsave_regs 000000
__Lirdata                    irdata       000000
__Lmediumconst               mediumconst  000000
__LnvFARRAM                  nvFARRAM     000000
__Lnvbit                     nvbit        000000
__Lnvrram                    nvrram       000000
__Lparam                     rparam       000000
__Lpowerup                   powerup      00004E
__Lram                       ram          000000
__Lramtop                    ramtop       000800
__Lrbit                      rbit         000000
__Lrbss                      rbss         000000
__Lrdata                     rdata        000000
__Lreset_vec                 reset_vec    000000
__Lrparam                    rparam       000000
__Lsfr                       sfr          000000
__Lsmallconst                smallconst   000800
__Lspace_0                   (abs)        000000
__Lspace_1                   (abs)        000000
__Lspace_2                   (abs)        000000
__Lspace_4                   (abs)        000000
__Lstack                     stack        000000
__Lstruct                    struct       000000
__Ltemp                      temp         00001D
__Ltext                      text         000000
__Ltext0                     text0        000000
__Ltext1                     text1        000000
__Ltext2                     text2        000000
__Ltext3                     text3        000000
__Ltext4                     text4        000000
__Ltext5                     text5        000000
__Ltext7                     text7        000000
__Ltext8                     text8        000000
__S0                         (abs)        0009B4
__S1                         (abs)        00001E
__S4                         (abs)        000000
__S5                         (abs)        000000
___heap_hi                   (abs)        000000
___heap_lo                   (abs)        000000
___inthi_sp                  stack        000000
___intlo_sp                  stack        000000
___lldiv                     text5        000808
___lldiv@counter             cstackCOMRAM 000015
___lldiv@dividend            cstackCOMRAM 000009
___lldiv@divisor             cstackCOMRAM 00000D
___lldiv@quotient            cstackCOMRAM 000011
___param_bank                (abs)        000000
___rparam_used               (abs)        000001
___sp                        stack        000000
__accesstop                  (abs)        000060
__activetblptr               (abs)        000001
__end_of_EUSART_ISR          intcode      00004E
__end_of_Init_UART           text4        00091C
__end_of_Interrupt_UART      text3        0009B4
__end_of_Interrupt_global    text2        0009B0
__end_of_OSC_16Mhz_Init      text1        0009A8
__end_of_Uart_cadena_Write   text7        000976
__end_of_Uart_caracter_Write text8        00098C
__end_of___lldiv             text5        0008AC
__end_of__initialization     cinit        00098C
__end_of_main                text0        00094A
__end_of_pOSCCON_REG         smallconst   000803
__initialization             cinit        00098C
__mediumconst                mediumconst  000000
__pcinit                     cinit        00098C
__pcstackCOMRAM              cstackCOMRAM 000001
__pintcode                   intcode      000008
__psmallconst                smallconst   000800
__ptext0                     text0        00091C
__ptext1                     text1        00099E
__ptext2                     text2        0009A8
__ptext3                     text3        0009B0
__ptext4                     text4        0008AC
__ptext5                     text5        000808
__ptext7                     text7        00094A
__ptext8                     text8        000976
__ramtop                     ramtop       000800
__smallconst                 smallconst   000800
_main                        text0        00091C
btemp                        temp         00001D
end_of_initialization        cinit        00098C
int$flags                    temp         00001D
intlevel0                    text         000000
intlevel1                    text         000000
intlevel2                    text         000000
intlevel3                    text         000000
isa$std                      (abs)        000001
isa$xinst                    (abs)        000000
stackhi                      (abs)        000000
stacklo                      (abs)        000000
start                        init         00004E
start_initialization         cinit        00098C
ttemp5                       temp         00001E
ttemp6                       temp         000021
ttemp7                       temp         000025
wtemp8                       temp         00001E


MODULE INFORMATION

Module		Function		Class		Link	Load	Size
UART.c
		_Init_UART     		CODE           	08AC	0000	112
		_Uart_caracter_Write		CODE           	0976	0000	22
		_Interrupt_global		CODE           	09A8	0000	8
		_Uart_cadena_Write		CODE           	094A	0000	44
		_Interrupt_UART		CODE           	09B0	0000	4

UART.c estimated size: 190

Configuracion.c
		_OSC_16Mhz_Init		CODE           	099E	0000	10

Configuracion.c estimated size: 10

C:\Program Files\Microchip\xc8\v2.36\pic\sources\c99\common\__lldiv.c
		___lldiv       		CODE           	0808	0000	164

C:\Program Files\Microchip\xc8\v2.36\pic\sources\c99\common\__lldiv.c estimated size: 164

Main.c
		_EUSART_ISR    		CODE           	0008	0000	70
		_main          		CODE           	091C	0000	46

Main.c estimated size: 116

shared
		__initialization		CODE           	098C	0000	1
		_pOSCCON_REG   		SMALLCONST     	0000	0000	0

shared estimated size: 1

