Microchip MPLAB XC8 Compiler V2.36

Linker command line:

-W-3 --edf=C:\Program Files\Microchip\xc8\v2.36\pic\dat\en_msgs.txt -cn \
  -h+dist/default/production\E8_ADC_18F4550.X.production.sym \
  --cmf=dist/default/production\E8_ADC_18F4550.X.production.cmf -z \
  -Q18F4550 -oC:\Users\abelh\AppData\Local\Temp\xcAsgf4.4 \
  --defsym=__MPLAB_BUILD=1 \
  -Mdist/default/production/E8_ADC_18F4550.X.production.map \
  --md=C:\Users\abelh\AppData\Local\Temp\xcAsgf4.dat -E1 -ver=XC8 Compiler \
  --acfsm=1493 -ACODE=00h-07FFFh -ACONST=00h-07FFFh \
  -ASMALLCONST=0800h-08FFhx120 -AMEDIUMCONST=0800h-07FFFh -ACOMRAM=01h-05Fh \
  -AABS1=00h-07FFh -ABIGRAM=01h-07FFh -ARAM=060h-0FFh,0100h-01FFhx7 \
  -ABANK0=060h-0FFh -ABANK1=0100h-01FFh -ABANK2=0200h-02FFh \
  -ABANK3=0300h-03FFh -ABANK4=0400h-04FFh -ABANK5=0500h-05FFh \
  -ABANK6=0600h-06FFh -ABANK7=0700h-07FFh -ASFR=0F60h-0FFFh \
  -ABIGSFR=0F60h-0FFFh -ACONFIG=0300000h-030000Dh -AIDLOC=0200000h-0200007h \
  -AEEDATA=0F00000h-0F000FFh -peeprom_data=EEDATA \
  -preset_vec=00h,intcode,intcodelo,powerup,init -pramtop=0800h \
  -psmallconst=SMALLCONST -pmediumconst=MEDIUMCONST -pconst=CONST \
  -AFARRAM=00h-00h \
  -prdata=COMRAM,nvrram=COMRAM,nvbit=COMRAM,rbss=COMRAM,rbit=COMRAM \
  -pfarbss=FARRAM,fardata=FARRAM,nvFARRAM=FARRAM \
  -pintsave_regs=BIGRAM,bigbss=BIGRAM,bigdata=BIGRAM -pbss=RAM \
  -pidata=CODE,irdata=CODE,ibigdata=CODE,ifardata=CODE -prparam=COMRAM \
  C:\Users\abelh\AppData\Local\Temp\xcAsgf4.o \
  dist/default/production\E8_ADC_18F4550.X.production.o 

Object code version is 3.11

Machine type is 18F4550



                Name                               Link     Load   Length Selector   Space Scale
C:\Users\abelh\AppData\Local\Temp\xcAsgf4.o
                idloc                            200000   200000        8        0       5
                config                           300000   300000        E        0       4
                init                                  0        0        4        0       0
dist/default/production\E8_ADC_18F4550.X.production.o
                idloc                            200000   200000        8        0       5
                config                           300000   300000        E        0       4
                smallconst                          800      800       28      400       0
                text42                             392E     392E       20      414       0
                text41                             3610     3610       58      414       0
                text40                             38BA     38BA       2C      414       0
                text39                             39D0     39D0       12      414       0
                text38                             39BE     39BE       12      414       0
                text37                             3988     3988       1C      414       0
                text36                             394E     394E       1E      414       0
                text35                             333E     333E       BA      414       0
                text34                             396C     396C       1C      414       0
                text33                             2A08     2A08      112      414       0
                text32                             2D24     2D24      102      414       0
                text31                             39A4     39A4       1A      414       0
                text30                             26FE     26FE      1B4      414       0
                text29                             38E6     38E6       26      414       0
                text28                             384C     384C       38      414       0
                text27                             36BA     36BA       52      414       0
                text26                             28B2     28B2      156      414       0
                text25                             327A     327A       C4      414       0
                text24                             33F8     33F8       B0      414       0
                text23                             2152     2152      39A      414       0
                text22                             34A8     34A8       AA      414       0
                text21                             2C20     2C20      104      414       0
                text20                             1D28     1D28      42A      414       0
                text19                             3814     3814       38      414       0
                text18                             1432     1432      4C0      414       0
                text17                             3752     3752       46      414       0
                text16                             2B1A     2B1A      106      414       0
                text15                             2E26     2E26       FE      414       0
                text14                             24EC     24EC      212      414       0
                text13                             39E2     39E2        2      414       0
                text12                             30EA     30EA       CA      414       0
                text11                             3798     3798       44      414       0
                text10                             3884     3884       36      414       0
                text9                              31B4     31B4       C6      414       0
                text8                              35B4     35B4       5C      414       0
                text7                              37DC     37DC       38      414       0
                text6                              370C     370C       46      414       0
                text5                               828      828      C0A      414       0
                text4                              3014     3014       D6      414       0
                text3                              18F2     18F2      436      414       0
                text2                              3552     3552       62      414       0
                text1                              3668     3668       52      414       0
                text0                              2F24     2F24       F0      414       0
                cstackCOMRAM                          1        1       5F        1       1
                cstackBANK0                          60       60       69       60       1
                bssBANK1                            100      100       50      100       1
                bssBANK0                             C9       C9       2A       60       1
                cinit                              390C     390C       22      414       0

TOTAL           Name                               Link     Load   Length     Space
        CLASS   CODE           
                init                                  0        0        4         0
                text42                             392E     392E       20         0
                text41                             3610     3610       58         0
                text40                             38BA     38BA       2C         0
                text39                             39D0     39D0       12         0
                text38                             39BE     39BE       12         0
                text37                             3988     3988       1C         0
                text36                             394E     394E       1E         0
                text35                             333E     333E       BA         0
                text34                             396C     396C       1C         0
                text33                             2A08     2A08      112         0
                text32                             2D24     2D24      102         0
                text31                             39A4     39A4       1A         0
                text30                             26FE     26FE      1B4         0
                text29                             38E6     38E6       26         0
                text28                             384C     384C       38         0
                text27                             36BA     36BA       52         0
                text26                             28B2     28B2      156         0
                text25                             327A     327A       C4         0
                text24                             33F8     33F8       B0         0
                text23                             2152     2152      39A         0
                text22                             34A8     34A8       AA         0
                text21                             2C20     2C20      104         0
                text20                             1D28     1D28      42A         0
                text19                             3814     3814       38         0
                text18                             1432     1432      4C0         0
                text17                             3752     3752       46         0
                text16                             2B1A     2B1A      106         0
                text15                             2E26     2E26       FE         0
                text14                             24EC     24EC      212         0
                text13                             39E2     39E2        2         0
                text12                             30EA     30EA       CA         0
                text11                             3798     3798       44         0
                text10                             3884     3884       36         0
                text9                              31B4     31B4       C6         0
                text8                              35B4     35B4       5C         0
                text7                              37DC     37DC       38         0
                text6                              370C     370C       46         0
                text5                               828      828      C0A         0
                text4                              3014     3014       D6         0
                text3                              18F2     18F2      436         0
                text2                              3552     3552       62         0
                text1                              3668     3668       52         0
                text0                              2F24     2F24       F0         0
                cinit                              390C     390C       22         0

        CLASS   CONST          

        CLASS   SMALLCONST     
                smallconst                          800      800       28         0

        CLASS   MEDIUMCONST    

        CLASS   COMRAM         
                cstackCOMRAM                          1        1       5F         1

        CLASS   ABS1           

        CLASS   BIGRAM         

        CLASS   RAM            

        CLASS   BANK0          
                cstackBANK0                          60       60       69         1
                bssBANK0                             C9       C9       2A         1

        CLASS   BANK1          
                bssBANK1                            100      100       50         1

        CLASS   BANK2          

        CLASS   BANK3          

        CLASS   BANK4          

        CLASS   BANK5          

        CLASS   BANK6          

        CLASS   BANK7          

        CLASS   SFR            

        CLASS   BIGSFR         

        CLASS   CONFIG         
                config                           300000   300000        E         4

        CLASS   IDLOC          
                idloc                            200000   200000        8         5

        CLASS   EEDATA         

        CLASS   FARRAM         

        CLASS   HEAP           

        CLASS   STACK          



SEGMENTS        Name                           Load    Length   Top    Selector   Space  Class

                reset_vec                      000000  000004  000004         0       0  CODE    
                cstackCOMRAM                   000001  00005F  000060         1       1  COMRAM  
                cstackBANK0                    000060  000093  0000F3        60       1  BANK0   
                bssBANK1                       000100  000050  000150       100       1  BANK1   
                smallconst                     000800  000028  000828       400       0  SMALLCON
                text5                          000828  0031BC  0039E4       414       0  CODE    


UNUSED ADDRESS RANGES

        Name                Unused          Largest block    Delta
        BANK0            0000F3-0000FF                D
        BANK1            000150-0001FF               B0
        BANK2            000200-0002FF              100
        BANK3            000300-0003FF              100
        BANK4            000400-0004FF              100
        BANK5            000500-0005FF              100
        BANK6            000600-0006FF              100
        BANK7            000700-0007FF              100
        BIGRAM           0000F3-0000FF                D
                         000150-0007FF              6B0
        BIGSFR           000F60-000FFF               A0
        CODE             000004-0007FF              7FC
                         0039E4-007FFF             461C
        CONST            000004-0007FF              7FC
                         0039E4-007FFF             461C
        EEDATA           F00000-F000FF              100
        MEDIUMCONST      0039E4-007FFF             461C
        RAM              0000F3-0000FF                D
                         000150-0007FF              100
        SFR              000F60-000FFF               A0
        SMALLCONST       0039E4-007FFF              100

                                  Symbol Table

?_ADC_Read                 cstackCOMRAM 000001
?___awdiv                  cstackCOMRAM 000001
?___awmod                  cstackCOMRAM 000001
?___fladd                  cstackCOMRAM 000001
?___fldiv                  cstackCOMRAM 000028
?___flmul                  cstackCOMRAM 00000F
?___flneg                  cstackCOMRAM 000001
?___flsub                  cstackCOMRAM 000028
?___fltol                  cstackCOMRAM 000001
?___fpclassifyf            cstackCOMRAM 000001
?___wmul                   cstackCOMRAM 000001
?___xxtofl                 cstackCOMRAM 000001
?_atoi                     cstackCOMRAM 000008
?_efgtoa                   cstackCOMRAM 000055
?_floorf                   cstackCOMRAM 000041
?_isdigit                  cstackCOMRAM 000001
?_isspace                  cstackCOMRAM 000001
?_isupper                  cstackCOMRAM 000001
?_pad                      cstackCOMRAM 000011
?_sprintf                  cstackBANK0  0000AD
?_strlen                   cstackCOMRAM 000001
?_strncmp                  cstackCOMRAM 000001
?_tolower                  cstackCOMRAM 000007
?_vfpfcnvrt                cstackBANK0  000097
?_vfprintf                 cstackBANK0  0000A5
ADC_Read@CHx               cstackCOMRAM 000005
I2C_ADDRESS_SLAVE@address  cstackCOMRAM 000003
I2C_ADDRESS_SLAVE@data     cstackCOMRAM 000004
I2C_ADDRESS_SLAVE@modo     cstackCOMRAM 000001
I2C_Write_Data@data        cstackCOMRAM 000001
LCD_I2C_Databus@cmd        cstackCOMRAM 000006
LCD_I2C_Databus@ctrl       cstackCOMRAM 000007
LCD_I2C_Databus@data       cstackCOMRAM 000008
LCD_I2C_WriteText@col      cstackCOMRAM 00000B
LCD_I2C_WriteText@row      cstackCOMRAM 000010
LCD_I2C_WriteText@string   cstackCOMRAM 00000C
LCD_I2C_nibble@cmd         cstackCOMRAM 000009
LCD_I2C_nibble@ctrl        cstackCOMRAM 00000A
PCF8574_Write@byte         cstackCOMRAM 000005
_ADCON0                    (abs)        000FC2
_ADCON0bits                (abs)        000FC2
_ADCON1bits                (abs)        000FC1
_ADCON2bits                (abs)        000FC0
_ADC_Conversion            text42       00392E
_ADC_Read                  text41       003610
_ADRESH                    (abs)        000FC4
_ADRESL                    (abs)        000FC3
_I2C_ADDRESS_SLAVE         text40       0038BA
_I2C_Start                 text39       0039D0
_I2C_Stop                  text38       0039BE
_I2C_Write_Data            text37       003988
_LCD_I2C_Databus           text35       00333E
_LCD_I2C_Init              text33       002A08
_LCD_I2C_WriteText         text32       002D24
_LCD_I2C_nibble            text34       00396C
_Master_Mode               text31       0039A4
_PCF8574_Write             text36       00394E
_PIR1bits                  (abs)        000F9E
_SSPADD                    (abs)        000FC8
_SSPBUF                    (abs)        000FC9
_SSPCON1bits               (abs)        000FC6
_SSPCON2                   (abs)        000FC5
_SSPCON2bits               (abs)        000FC5
_SSPSTATbits               (abs)        000FC7
_TRISBbits                 (abs)        000F93
__HRAM                     (abs)        000000
__Habs1                    abs1         000000
__Hbank0                   bank0        000000
__Hbank1                   bank1        000000
__Hbank2                   bank2        000000
__Hbank3                   bank3        000000
__Hbank4                   bank4        000000
__Hbank5                   bank5        000000
__Hbank6                   bank6        000000
__Hbank7                   bank7        000000
__Hbigbss                  bigbss       000000
__Hbigdata                 bigdata      000000
__Hbigram                  bigram       000000
__Hbigsfr                  bigsfr       000000
__Hbss                     bss          000000
__HbssBANK0                bssBANK0     000000
__HbssBANK1                bssBANK1     000000
__Hcinit                   cinit        000000
__Hclrtext                 clrtext      000000
__Hcomram                  comram       000000
__Hconfig                  config       30000E
__Hconst                   const        000000
__HcstackBANK0             cstackBANK0  000000
__HcstackCOMRAM            cstackCOMRAM 000000
__Hdata                    data         000000
__Heeprom_data             eeprom_data  000000
__Hfarbss                  farbss       000000
__Hfardata                 fardata      000000
__Hheap                    heap         000000
__Hibigdata                ibigdata     000000
__Hidata                   idata        000000
__Hidloc                   idloc        200008
__Hifardata                ifardata     000000
__Hinit                    init         000004
__Hintcode                 intcode      000000
__Hintcode_body            intcode_body 000000
__Hintcodelo               intcodelo    000000
__Hintentry                intentry     000000
__Hintret                  intret       000000
__Hintsave_regs            intsave_regs 000000
__Hirdata                  irdata       000000
__Hmediumconst             mediumconst  000000
__HnvFARRAM                nvFARRAM     000000
__Hnvbit                   nvbit        000000
__Hnvrram                  nvrram       000000
__Hparam                   rparam       000000
__Hpowerup                 powerup      000000
__Hram                     ram          000000
__Hramtop                  ramtop       000800
__Hrbit                    rbit         000000
__Hrbss                    rbss         000000
__Hrdata                   rdata        000000
__Hreset_vec               reset_vec    000000
__Hrparam                  rparam       000000
__Hsfr                     sfr          000000
__Hsmallconst              smallconst   000828
__Hspace_0                 (abs)        0039E4
__Hspace_1                 (abs)        000150
__Hspace_2                 (abs)        000000
__Hspace_4                 (abs)        60000E
__Hstack                   stack        000000
__Hstruct                  struct       000000
__Htemp                    temp         000000
__Htext                    text         000000
__Htext0                   text0        000000
__Htext1                   text1        000000
__Htext10                  text10       000000
__Htext11                  text11       000000
__Htext12                  text12       000000
__Htext13                  text13       000000
__Htext14                  text14       000000
__Htext15                  text15       000000
__Htext16                  text16       000000
__Htext17                  text17       000000
__Htext18                  text18       000000
__Htext19                  text19       000000
__Htext2                   text2        000000
__Htext20                  text20       000000
__Htext21                  text21       000000
__Htext22                  text22       000000
__Htext23                  text23       000000
__Htext24                  text24       000000
__Htext25                  text25       000000
__Htext26                  text26       000000
__Htext27                  text27       000000
__Htext28                  text28       000000
__Htext29                  text29       000000
__Htext3                   text3        000000
__Htext30                  text30       000000
__Htext31                  text31       000000
__Htext32                  text32       000000
__Htext33                  text33       000000
__Htext34                  text34       000000
__Htext35                  text35       000000
__Htext36                  text36       000000
__Htext37                  text37       000000
__Htext38                  text38       000000
__Htext39                  text39       000000
__Htext4                   text4        000000
__Htext40                  text40       000000
__Htext41                  text41       000000
__Htext42                  text42       000000
__Htext5                   text5        000000
__Htext6                   text6        000000
__Htext7                   text7        000000
__Htext8                   text8        000000
__Htext9                   text9        000000
__LRAM                     (abs)        000001
__Labs1                    abs1         000000
__Lbank0                   bank0        000000
__Lbank1                   bank1        000000
__Lbank2                   bank2        000000
__Lbank3                   bank3        000000
__Lbank4                   bank4        000000
__Lbank5                   bank5        000000
__Lbank6                   bank6        000000
__Lbank7                   bank7        000000
__Lbigbss                  bigbss       000000
__Lbigdata                 bigdata      000000
__Lbigram                  bigram       000000
__Lbigsfr                  bigsfr       000000
__Lbss                     bss          000000
__LbssBANK0                bssBANK0     000000
__LbssBANK1                bssBANK1     000000
__Lcinit                   cinit        000000
__Lclrtext                 clrtext      000000
__Lcomram                  comram       000000
__Lconfig                  config       000000
__Lconst                   const        000000
__LcstackBANK0             cstackBANK0  000000
__LcstackCOMRAM            cstackCOMRAM 000000
__Ldata                    data         000000
__Leeprom_data             eeprom_data  000000
__Lfarbss                  farbss       000000
__Lfardata                 fardata      000000
__Lheap                    heap         000000
__Libigdata                ibigdata     000000
__Lidata                   idata        000000
__Lidloc                   idloc        000000
__Lifardata                ifardata     000000
__Linit                    init         000000
__Lintcode                 intcode      000000
__Lintcode_body            intcode_body 000000
__Lintcodelo               intcodelo    000000
__Lintentry                intentry     000000
__Lintret                  intret       000000
__Lintsave_regs            intsave_regs 000000
__Lirdata                  irdata       000000
__Lmediumconst             mediumconst  000000
__LnvFARRAM                nvFARRAM     000000
__Lnvbit                   nvbit        000000
__Lnvrram                  nvrram       000000
__Lparam                   rparam       000000
__Lpowerup                 powerup      000000
__Lram                     ram          000000
__Lramtop                  ramtop       000800
__Lrbit                    rbit         000000
__Lrbss                    rbss         000000
__Lrdata                   rdata        000000
__Lreset_vec               reset_vec    000000
__Lrparam                  rparam       000000
__Lsfr                     sfr          000000
__Lsmallconst              smallconst   000800
__Lspace_0                 (abs)        000000
__Lspace_1                 (abs)        000000
__Lspace_2                 (abs)        000000
__Lspace_4                 (abs)        000000
__Lstack                   stack        000000
__Lstruct                  struct       000000
__Ltemp                    temp         000000
__Ltext                    text         000000
__Ltext0                   text0        000000
__Ltext1                   text1        000000
__Ltext10                  text10       000000
__Ltext11                  text11       000000
__Ltext12                  text12       000000
__Ltext13                  text13       000000
__Ltext14                  text14       000000
__Ltext15                  text15       000000
__Ltext16                  text16       000000
__Ltext17                  text17       000000
__Ltext18                  text18       000000
__Ltext19                  text19       000000
__Ltext2                   text2        000000
__Ltext20                  text20       000000
__Ltext21                  text21       000000
__Ltext22                  text22       000000
__Ltext23                  text23       000000
__Ltext24                  text24       000000
__Ltext25                  text25       000000
__Ltext26                  text26       000000
__Ltext27                  text27       000000
__Ltext28                  text28       000000
__Ltext29                  text29       000000
__Ltext3                   text3        000000
__Ltext30                  text30       000000
__Ltext31                  text31       000000
__Ltext32                  text32       000000
__Ltext33                  text33       000000
__Ltext34                  text34       000000
__Ltext35                  text35       000000
__Ltext36                  text36       000000
__Ltext37                  text37       000000
__Ltext38                  text38       000000
__Ltext39                  text39       000000
__Ltext4                   text4        000000
__Ltext40                  text40       000000
__Ltext41                  text41       000000
__Ltext42                  text42       000000
__Ltext5                   text5        000000
__Ltext6                   text6        000000
__Ltext7                   text7        000000
__Ltext8                   text8        000000
__Ltext9                   text9        000000
__S0                       (abs)        0039E4
__S1                       (abs)        000150
__S4                       (abs)        000000
__S5                       (abs)        000000
___awdiv                   text25       00327A
___awdiv@counter           cstackCOMRAM 000005
___awdiv@dividend          cstackCOMRAM 000001
___awdiv@divisor           cstackCOMRAM 000003
___awdiv@quotient          cstackCOMRAM 000007
___awdiv@sign              cstackCOMRAM 000006
___awmod                   text24       0033F8
___awmod@counter           cstackCOMRAM 000005
___awmod@dividend          cstackCOMRAM 000001
___awmod@divisor           cstackCOMRAM 000003
___awmod@sign              cstackCOMRAM 000006
___fladd                   text18       001432
___fladd@a                 cstackCOMRAM 000005
___fladd@aexp              cstackCOMRAM 00000E
___fladd@b                 cstackCOMRAM 000001
___fladd@bexp              cstackCOMRAM 00000F
___fladd@grs               cstackCOMRAM 000010
___fladd@signs             cstackCOMRAM 00000D
___fldiv                   text23       002152
___fldiv@a                 cstackCOMRAM 00002C
___fldiv@aexp              cstackCOMRAM 000040
___fldiv@b                 cstackCOMRAM 000028
___fldiv@bexp              cstackCOMRAM 00003F
___fldiv@grs               cstackCOMRAM 00003B
___fldiv@new_exp           cstackCOMRAM 000039
___fldiv@rem               cstackCOMRAM 000034
___fldiv@sign              cstackCOMRAM 000038
___fleq                    text22       0034A8
___fleq@ff1                cstackCOMRAM 000001
___fleq@ff2                cstackCOMRAM 000005
___flge                    text21       002C20
___flge@ff1                cstackCOMRAM 000028
___flge@ff2                cstackCOMRAM 00002C
___flmul                   text20       001D28
___flmul@a                 cstackCOMRAM 000013
___flmul@aexp              cstackCOMRAM 000020
___flmul@b                 cstackCOMRAM 00000F
___flmul@bexp              cstackCOMRAM 000021
___flmul@grs               cstackCOMRAM 00001C
___flmul@prod              cstackCOMRAM 000022
___flmul@sign              cstackCOMRAM 00001B
___flmul@temp              cstackCOMRAM 000026
___flneg                   text19       003814
___flneg@f1                cstackCOMRAM 000001
___flsub                   text17       003752
___flsub@a                 cstackCOMRAM 00002C
___flsub@b                 cstackCOMRAM 000028
___fltol                   text16       002B1A
___fltol@exp1              cstackCOMRAM 00000A
___fltol@f1                cstackCOMRAM 000001
___fltol@sign1             cstackCOMRAM 000009
___fpclassifyf             text15       002E26
___fpclassifyf@F465        bssBANK0     0000CD
___fpclassifyf@e           cstackCOMRAM 000009
___fpclassifyf@u           cstackCOMRAM 00000B
___fpclassifyf@x           cstackCOMRAM 000001
___heap_hi                 (abs)        000000
___heap_lo                 (abs)        000000
___inthi_sp                stack        000000
___intlo_sp                stack        000000
___param_bank              (abs)        000000
___rparam_used             (abs)        000001
___sp                      stack        000000
___wmul                    text29       0038E6
___wmul@multiplicand       cstackCOMRAM 000003
___wmul@multiplier         cstackCOMRAM 000001
___wmul@product            cstackCOMRAM 000005
___xxtofl                  text30       0026FE
___xxtofl@arg              cstackCOMRAM 00000B
___xxtofl@exp              cstackCOMRAM 00000A
___xxtofl@sign             cstackCOMRAM 000009
___xxtofl@val              cstackCOMRAM 000001
__accesstop                (abs)        000060
__activetblptr             (abs)        000002
__end_of_ADC_Conversion    text42       00394E
__end_of_ADC_Read          text41       003668
__end_of_I2C_ADDRESS_SLAVE text40       0038E6
__end_of_I2C_Start         text39       0039E2
__end_of_I2C_Stop          text38       0039D0
__end_of_I2C_Write_Data    text37       0039A4
__end_of_LCD_I2C_Databus   text35       0033F8
__end_of_LCD_I2C_Init      text33       002B1A
__end_of_LCD_I2C_WriteText text32       002E26
__end_of_LCD_I2C_nibble    text34       003988
__end_of_Master_Mode       text31       0039BE
__end_of_PCF8574_Write     text36       00396C
__end_of___awdiv           text25       00333E
__end_of___awmod           text24       0034A8
__end_of___fladd           text18       0018F2
__end_of___fldiv           text23       0024EC
__end_of___fleq            text22       003552
__end_of___flge            text21       002D24
__end_of___flmul           text20       002152
__end_of___flneg           text19       00384C
__end_of___flsub           text17       003798
__end_of___fltol           text16       002C20
__end_of___fpclassifyf     text15       002F24
__end_of___wmul            text29       00390C
__end_of___xxtofl          text30       0028B2
__end_of__initialization   cinit        003924
__end_of_atoi              text26       002A08
__end_of_efgtoa            text5        001432
__end_of_floorf            text14       0026FE
__end_of_fputc             text12       0031B4
__end_of_fputs             text11       0037DC
__end_of_isdigit           text28       003884
__end_of_isspace           text27       00370C
__end_of_isupper           text7        003814
__end_of_main              text0        003014
__end_of_pad               text9        00327A
__end_of_putch             text13       0039E4
__end_of_sprintf           text1        0036BA
__end_of_strcpy            text8        003610
__end_of_strlen            text10       0038BA
__end_of_strncmp           text4        0030EA
__end_of_tolower           text6        003752
__end_of_vfpfcnvrt         text3        001D28
__end_of_vfprintf          text2        0035B4
__initialization           cinit        00390C
__mediumconst              mediumconst  000000
__pbssBANK0                bssBANK0     0000C9
__pbssBANK1                bssBANK1     000100
__pcinit                   cinit        00390C
__pcstackBANK0             cstackBANK0  000060
__pcstackCOMRAM            cstackCOMRAM 000001
__psmallconst              smallconst   000800
__ptext0                   text0        002F24
__ptext1                   text1        003668
__ptext10                  text10       003884
__ptext11                  text11       003798
__ptext12                  text12       0030EA
__ptext13                  text13       0039E2
__ptext14                  text14       0024EC
__ptext15                  text15       002E26
__ptext16                  text16       002B1A
__ptext17                  text17       003752
__ptext18                  text18       001432
__ptext19                  text19       003814
__ptext2                   text2        003552
__ptext20                  text20       001D28
__ptext21                  text21       002C20
__ptext22                  text22       0034A8
__ptext23                  text23       002152
__ptext24                  text24       0033F8
__ptext25                  text25       00327A
__ptext26                  text26       0028B2
__ptext27                  text27       0036BA
__ptext28                  text28       00384C
__ptext29                  text29       0038E6
__ptext3                   text3        0018F2
__ptext30                  text30       0026FE
__ptext31                  text31       0039A4
__ptext32                  text32       002D24
__ptext33                  text33       002A08
__ptext34                  text34       00396C
__ptext35                  text35       00333E
__ptext36                  text36       00394E
__ptext37                  text37       003988
__ptext38                  text38       0039BE
__ptext39                  text39       0039D0
__ptext4                   text4        003014
__ptext40                  text40       0038BA
__ptext41                  text41       003610
__ptext42                  text42       00392E
__ptext5                   text5        000828
__ptext6                   text6        00370C
__ptext7                   text7        0037DC
__ptext8                   text8        0035B4
__ptext9                   text9        0031B4
__ramtop                   ramtop       000800
__smallconst               smallconst   000800
_atoi                      text26       0028B2
_bufferTx                  bssBANK0     0000DF
_data                      bssBANK0     0000DD
_dbuf                      bssBANK1     000100
_efgtoa                    text5        000828
_efgtoa$1149               cstackBANK0  000065
_efgtoa$1157               cstackBANK0  000067
_efgtoa$1158               cstackBANK0  000069
_flags                     bssBANK0     0000DB
_floorf                    text14       0024EC
_fputc                     text12       0030EA
_fputs                     text11       003798
_isdigit                   text28       00384C
_isspace                   text27       0036BA
_isspace$1236              cstackCOMRAM 000007
_isupper                   text7        0037DC
_main                      text0        002F24
_nout                      bssBANK0     0000D5
_pad                       text9        0031B4
_prec                      bssBANK0     0000D9
_putch                     text13       0039E2
_sprintf                   text1        003668
_strcpy                    text8        0035B4
_strlen                    text10       003884
_strncmp                   text4        003014
_tension                   bssBANK0     0000D1
_tolower                   text6        00370C
_vfpfcnvrt                 text3        0018F2
_vfprintf                  text2        003552
_width                     bssBANK0     0000D7
atoi@n                     cstackCOMRAM 000010
atoi@neg                   cstackCOMRAM 00000E
atoi@s                     cstackCOMRAM 000008
efgtoa@c                   cstackCOMRAM 00005B
efgtoa@d                   cstackBANK0  000077
efgtoa@e                   cstackBANK0  00008F
efgtoa@f                   cstackCOMRAM 000057
efgtoa@fp                  cstackCOMRAM 000055
efgtoa@g                   cstackBANK0  00008B
efgtoa@h                   cstackBANK0  000081
efgtoa@i                   cstackBANK0  000089
efgtoa@l                   cstackBANK0  000085
efgtoa@m                   cstackBANK0  000071
efgtoa@mode                cstackBANK0  000080
efgtoa@n                   cstackBANK0  000091
efgtoa@ne                  cstackBANK0  00006F
efgtoa@nmode               cstackBANK0  00007F
efgtoa@ou                  cstackBANK0  000073
efgtoa@p                   cstackBANK0  00007B
efgtoa@pp                  cstackBANK0  00006D
efgtoa@sign                cstackBANK0  000079
efgtoa@t                   cstackBANK0  00006B
efgtoa@u                   cstackBANK0  000093
efgtoa@w                   cstackBANK0  00007D
end_of_initialization      cinit        003924
floorf@F526                bssBANK0     0000C9
floorf@e                   cstackCOMRAM 00004F
floorf@m                   cstackCOMRAM 00004B
floorf@u                   cstackCOMRAM 000051
floorf@x                   cstackCOMRAM 000041
fputc@c                    cstackCOMRAM 000001
fputc@fp                   cstackCOMRAM 000003
fputs@c                    cstackCOMRAM 00000E
fputs@fp                   cstackCOMRAM 00000C
fputs@i                    cstackCOMRAM 00000F
fputs@s                    cstackCOMRAM 00000A
intlevel0                  text         000000
intlevel1                  text         000000
intlevel2                  text         000000
intlevel3                  text         000000
isa$std                    (abs)        000001
isa$xinst                  (abs)        000000
isdigit@c                  cstackCOMRAM 000001
isspace@c                  cstackCOMRAM 000001
isupper@c                  cstackCOMRAM 000001
pad@buf                    cstackCOMRAM 000013
pad@fp                     cstackCOMRAM 000011
pad@i                      cstackCOMRAM 000018
pad@p                      cstackCOMRAM 000015
pad@w                      cstackCOMRAM 00001A
sprintf@ap                 cstackBANK0  0000B5
sprintf@f                  cstackBANK0  0000B7
sprintf@fmt                cstackBANK0  0000AF
sprintf@s                  cstackBANK0  0000AD
stackhi                    (abs)        000000
stacklo                    (abs)        000000
start                      init         000000
start_initialization       cinit        00390C
strcpy@d                   cstackCOMRAM 000009
strcpy@dest                cstackCOMRAM 000001
strcpy@s                   cstackCOMRAM 000007
strcpy@src                 cstackCOMRAM 000003
strlen@a                   cstackCOMRAM 000003
strlen@s                   cstackCOMRAM 000001
strncmp@_l                 cstackCOMRAM 000001
strncmp@_r                 cstackCOMRAM 000003
strncmp@l                  cstackCOMRAM 000008
strncmp@n                  cstackCOMRAM 000005
strncmp@r                  cstackCOMRAM 00000A
tolower@c                  cstackCOMRAM 000007
vfpfcnvrt@ap               cstackBANK0  00009B
vfpfcnvrt@c                cstackBANK0  0000A4
vfpfcnvrt@ct               cstackBANK0  0000A1
vfpfcnvrt@f                cstackBANK0  00009D
vfpfcnvrt@fmt              cstackBANK0  000099
vfpfcnvrt@fp               cstackBANK0  000097
vfprintf@ap                cstackBANK0  0000A9
vfprintf@cfmt              cstackBANK0  0000AB
vfprintf@fmt               cstackBANK0  0000A7
vfprintf@fp                cstackBANK0  0000A5


MODULE INFORMATION

Module		Function		Class		Link	Load	Size
C:\Program Files\Microchip\xc8\v2.36\pic\sources\c99\common\putch.c
		_putch         		CODE           	39E2	0000	2

C:\Program Files\Microchip\xc8\v2.36\pic\sources\c99\common\putch.c estimated size: 2

C:\Program Files\Microchip\xc8\v2.36\pic\sources\c99\common\nf_fputs.c
		_fputs         		CODE           	3798	0000	68

C:\Program Files\Microchip\xc8\v2.36\pic\sources\c99\common\nf_fputs.c estimated size: 68

C:\Program Files\Microchip\xc8\v2.36\pic\sources\c99\common\strncmp.c
		_strncmp       		CODE           	3014	0000	214

C:\Program Files\Microchip\xc8\v2.36\pic\sources\c99\common\strncmp.c estimated size: 214

C:\Program Files\Microchip\xc8\v2.36\pic\sources\c99\common\tolower.c
		_tolower       		CODE           	370C	0000	70

C:\Program Files\Microchip\xc8\v2.36\pic\sources\c99\common\tolower.c estimated size: 70

C:\Program Files\Microchip\xc8\v2.36\pic\sources\c99\common\__fpclassifyf.c
		___fpclassifyf 		CODE           	2E26	0000	254

C:\Program Files\Microchip\xc8\v2.36\pic\sources\c99\common\__fpclassifyf.c estimated size: 254

C:\Program Files\Microchip\xc8\v2.36\pic\sources\c99\common\sprcmul.c
		___flmul       		CODE           	1D28	0000	1066

C:\Program Files\Microchip\xc8\v2.36\pic\sources\c99\common\sprcmul.c estimated size: 1066

C:\Program Files\Microchip\xc8\v2.36\pic\sources\c99\common\floorf.c
		_floorf        		CODE           	24EC	0000	530

C:\Program Files\Microchip\xc8\v2.36\pic\sources\c99\common\floorf.c estimated size: 530

C:\Program Files\Microchip\xc8\v2.36\pic\sources\c99\common\sprcdiv.c
		___fldiv       		CODE           	2152	0000	922

C:\Program Files\Microchip\xc8\v2.36\pic\sources\c99\common\sprcdiv.c estimated size: 922

C:\Program Files\Microchip\xc8\v2.36\pic\sources\c99\common\atoi.c
		_atoi          		CODE           	28B2	0000	342

C:\Program Files\Microchip\xc8\v2.36\pic\sources\c99\common\atoi.c estimated size: 342

C:\Program Files\Microchip\xc8\v2.36\pic\sources\c99\common\fleq.c
		___fleq        		CODE           	34A8	0000	170

C:\Program Files\Microchip\xc8\v2.36\pic\sources\c99\common\fleq.c estimated size: 170

C:\Program Files\Microchip\xc8\v2.36\pic\sources\c99\common\awmod.c
		___awmod       		CODE           	33F8	0000	176

C:\Program Files\Microchip\xc8\v2.36\pic\sources\c99\common\awmod.c estimated size: 176

C:\Program Files\Microchip\xc8\v2.36\pic\sources\c99\common\nf_sprintf.c
		_sprintf       		CODE           	3668	0000	82

C:\Program Files\Microchip\xc8\v2.36\pic\sources\c99\common\nf_sprintf.c estimated size: 82

Main_ADC.c
		_main          		CODE           	2F24	0000	240

Main_ADC.c estimated size: 240

C:\Program Files\Microchip\xc8\v2.36\pic\sources\c99\common\isspace.c
		_isspace       		CODE           	36BA	0000	82

C:\Program Files\Microchip\xc8\v2.36\pic\sources\c99\common\isspace.c estimated size: 82

I2C.c
		_I2C_Stop      		CODE           	39BE	0000	18
		_I2C_Write_Data		CODE           	3988	0000	28
		_Master_Mode   		CODE           	39A4	0000	26
		_I2C_Start     		CODE           	39D0	0000	18
		_I2C_ADDRESS_SLAVE		CODE           	38BA	0000	44

I2C.c estimated size: 134

C:\Program Files\Microchip\xc8\v2.36\pic\sources\c99\common\xxtofl.c
		___xxtofl      		CODE           	26FE	0000	436

C:\Program Files\Microchip\xc8\v2.36\pic\sources\c99\common\xxtofl.c estimated size: 436

C:\Program Files\Microchip\xc8\v2.36\pic\sources\c99\common\strlen.c
		_strlen        		CODE           	3884	0000	54

C:\Program Files\Microchip\xc8\v2.36\pic\sources\c99\common\strlen.c estimated size: 54

C:\Program Files\Microchip\xc8\v2.36\pic\sources\c99\common\strcpy.c
		_strcpy        		CODE           	35B4	0000	92

C:\Program Files\Microchip\xc8\v2.36\pic\sources\c99\common\strcpy.c estimated size: 92

C:\Program Files\Microchip\xc8\v2.36\pic\sources\c99\common\nf_fputc.c
		_fputc         		CODE           	30EA	0000	202

C:\Program Files\Microchip\xc8\v2.36\pic\sources\c99\common\nf_fputc.c estimated size: 202

C:\Program Files\Microchip\xc8\v2.36\pic\sources\c99\common\isdigit.c
		_isdigit       		CODE           	384C	0000	56

C:\Program Files\Microchip\xc8\v2.36\pic\sources\c99\common\isdigit.c estimated size: 56

C:\Program Files\Microchip\xc8\v2.36\pic\sources\c99\common\sprcadd.c
		___flsub       		CODE           	3752	0000	70
		___fladd       		CODE           	1432	0000	1216

C:\Program Files\Microchip\xc8\v2.36\pic\sources\c99\common\sprcadd.c estimated size: 1286

C:\Program Files\Microchip\xc8\v2.36\pic\sources\c99\common\awdiv.c
		___awdiv       		CODE           	327A	0000	196

C:\Program Files\Microchip\xc8\v2.36\pic\sources\c99\common\awdiv.c estimated size: 196

C:\Program Files\Microchip\xc8\v2.36\pic\sources\c99\common\doprnt.c
		_vfpfcnvrt     		CODE           	18F2	0000	1078
		_efgtoa        		CODE           	0828	0000	3082
		_pad           		CODE           	31B4	0000	198
		_vfprintf      		CODE           	3552	0000	98

C:\Program Files\Microchip\xc8\v2.36\pic\sources\c99\common\doprnt.c estimated size: 4456

C:\Program Files\Microchip\xc8\v2.36\pic\sources\c99\common\fltol.c
		___fltol       		CODE           	2B1A	0000	262

C:\Program Files\Microchip\xc8\v2.36\pic\sources\c99\common\fltol.c estimated size: 262

shared
		__initialization		CODE           	390C	0000	24

shared estimated size: 24

ADC.c
		_ADC_Read      		CODE           	3610	0000	88
		_ADC_Conversion		CODE           	392E	0000	32

ADC.c estimated size: 120

C:\Program Files\Microchip\xc8\v2.36\pic\sources\c99\common\flge.c
		___flge        		CODE           	2C20	0000	260

C:\Program Files\Microchip\xc8\v2.36\pic\sources\c99\common\flge.c estimated size: 260

LCD_I2C.c
		_PCF8574_Write 		CODE           	394E	0000	30
		_LCD_I2C_Init  		CODE           	2A08	0000	274
		_LCD_I2C_nibble		CODE           	396C	0000	28
		_LCD_I2C_WriteText		CODE           	2D24	0000	258
		_LCD_I2C_Databus		CODE           	333E	0000	186

LCD_I2C.c estimated size: 776

C:\Program Files\Microchip\xc8\v2.36\pic\sources\c99\common\Umul16.c
		___wmul        		CODE           	38E6	0000	38

C:\Program Files\Microchip\xc8\v2.36\pic\sources\c99\common\Umul16.c estimated size: 38

C:\Program Files\Microchip\xc8\v2.36\pic\sources\c99\common\flneg.c
		___flneg       		CODE           	3814	0000	56

C:\Program Files\Microchip\xc8\v2.36\pic\sources\c99\common\flneg.c estimated size: 56

C:\Program Files\Microchip\xc8\v2.36\pic\sources\c99\common\isupper.c
		_isupper       		CODE           	37DC	0000	56

C:\Program Files\Microchip\xc8\v2.36\pic\sources\c99\common\isupper.c estimated size: 56

